---
source: src/snapshot.rs
expression: entries
---
[
    Entry {
        key: "foobar",
        value: "bazqux",
        expiry: None,
    },
    Entry {
        key: "foo",
        value: "bar",
        expiry: Some(
            Expiry {
                epoch: 1713824559637,
                unit: Millisecond,
            },
        ),
    },
    Entry {
        key: "baz",
        value: "qux",
        expiry: Some(
            Expiry {
                epoch: 1714089298000,
                unit: Millisecond,
            },
        ),
    },
]
